[0.000000] Booting Linux on physical CPU 0x0
[0.000000] Linux version 4.14.56-v7 (ft@ferra) (gcc version 8.1.0 (Buildroot 2018.08-git-00793-g255699c)) #8 SMP Thu Jul 26 15:31:27 +03 2018
[0.000000] CPU: ARMv7 Processor [410fd034] revision 4 (ARMv7), cr=10c5383d
[0.000000] CPU: div instructions available: patching division code
[0.000000] CPU: PIPT / VIPT nonaliasing data cache, VIPT aliasing instruction cache
[0.000000] OF: fdt: Machine model: Raspberry Pi 3 Model B
[0.000000] Memory policy: Data cache writealloc
[0.000000] cma: Reserved 8 MiB at 0x07800000
[0.000000] On node 0 totalpages: 32768
[0.000000] free_area_init_node: node 0, pgdat 8094aa40, node_mem_map 876d4000
[0.000000]   Normal zone: 288 pages used for memmap
[0.000000]   Normal zone: 0 pages reserved
[0.000000]   Normal zone: 32768 pages, LIFO batch:7
[0.000000] percpu: Embedded 17 pages/cpu @8767d000 s37004 r8192 d24436 u69632
[0.000000] pcpu-alloc: s37004 r8192 d24436 u69632 alloc=17*4096
[0.000000] pcpu-alloc: [0] 0 [0] 1 [0] 2 [0] 3 
[0.000000] Built 1 zonelists, mobility grouping on.  Total pages: 32480
[0.000000] Kernel command line: bcm2708_fb.fbwidth=480 bcm2708_fb.fbheight=272 bcm2708_fb.fbswap=1 dma.dmachans=0x7f35 bcm2709.boardrev=0x2a02082 bcm2709.serial=0x5730bef1 bcm2709.uart_clock=48000000 smsc95xx.macaddr=B8:27:EB:30:BE:F1 vc_mem.mem_base=0xec00000 vc_mem.mem_size=0x10000000  logo.nologo 8250.nr_uarts=1 root=/dev/mmcblk0p2 rootfstype=ext4 rootwait
[0.000000] PID hash table entries: 512 (order: -1, 2048 bytes)
[0.000000] Dentry cache hash table entries: 16384 (order: 4, 65536 bytes)
[0.000000] Inode-cache hash table entries: 8192 (order: 3, 32768 bytes)
[0.000000] Memory: 111968K/131072K available (5120K kernel code, 331K rwdata, 1600K rodata, 1024K init, 671K bss, 10912K reserved, 8192K cma-reserved)
[0.000000] Virtual kernel memory layout:
[0.000000] vector  : 0xffff0000 - 0xffff1000   (   4 kB)
[0.000000] fixmap  : 0xffc00000 - 0xfff00000   (3072 kB)
[0.000000] vmalloc : 0x88800000 - 0xff800000   (1904 MB)
[0.000000] lowmem  : 0x80000000 - 0x88000000   ( 128 MB)
[0.000000] modules : 0x7f000000 - 0x80000000   (  16 MB)
[0.000000]   .text : 0x80008000 - 0x80600000   (6112 kB)
[0.000000]   .init : 0x80800000 - 0x80900000   (1024 kB)
[0.000000]   .data : 0x80900000 - 0x80952da4   ( 332 kB)
[0.000000].bss : 0x8095919c - 0x80a00eac   ( 672 kB)
[0.000000] SLUB: HWalign=64, Order=0-3, MinObjects=0, CPUs=4, Nodes=1
[0.000000] ftrace: allocating 18455 entries in 55 pages
[0.000000] Hierarchical RCU implementation.
[0.000000] NR_IRQS: 16, nr_irqs: 16, preallocated irqs: 16
[0.000000] arch_timer: cp15 timer(s) running at 19.20MHz (phys).
[0.000000] clocksource: arch_sys_counter: mask: 0xffffffffffffff max_cycles: 0x46d987e47, max_idle_ns: 440795202767 ns
[0.000003] sched_clock: 56 bits at 19MHz, resolution 52ns, wraps every 4398046511078ns
[0.000010] Switching to timer-based delay loop, resolution 52ns
[0.000139] Console: colour dummy device 80x30
[0.000383] console [tty0] enabled
[0.000402] Calibrating delay loop (skipped), value calculated using timer frequency.. 38.40 BogoMIPS (lpj=192000)
[0.000420] pid_max: default: 32768 minimum: 301
[0.000565] Mount-cache hash table entries: 1024 (order: 0, 4096 bytes)
[0.000578] Mountpoint-cache hash table entries: 1024 (order: 0, 4096 bytes)
[0.001103] Disabling memory control group subsystem
[0.001135] CPU: Testing write buffer coherency: ok
[0.001378] CPU0: thread -1, cpu 0, socket 0, mpidr 80000000
[0.001583] Setting up static identity map for 0x100000 - 0x10003c
[0.001651] Hierarchical SRCU implementation.
[0.001959] smp: Bringing up secondary CPUs ...
[0.002338] CPU1: thread -1, cpu 1, socket 0, mpidr 80000001
[0.002722] CPU2: thread -1, cpu 2, socket 0, mpidr 80000002
[0.003090] CPU3: thread -1, cpu 3, socket 0, mpidr 80000003
[0.003136] smp: Brought up 1 node, 4 CPUs
[0.003168] SMP: Total of 4 processors activated (153.60 BogoMIPS).
[0.003177] CPU: All CPU(s) started in HYP mode.
[0.003185] CPU: Virtualization extensions available.
[0.003555] devtmpfs: initialized
[0.007956] random: get_random_u32 called from bucket_table_alloc+0x108/0x23c with crng_init=0
[0.008159] VFP support v0.3: implementor 41 architecture 3 part 40 variant 3 rev 4
[0.008301] clocksource: jiffies: mask: 0xffffffff max_cycles: 0xffffffff, max_idle_ns: 19112604462750000 ns
[0.008322] futex hash table entries: 1024 (order: 4, 65536 bytes)
[0.008626] pinctrl core: initialized pinctrl subsystem
[0.010420] DMA: preallocated 1024 KiB pool for atomic coherent allocations
[0.012491] hw-breakpoint: found 5 (+1 reserved) breakpoint and 4 watchpoint registers.
[0.012506] hw-breakpoint: maximum watchpoint size is 8 bytes.
[0.012619] Serial: AMBA PL011 UART driver
[0.013358] bcm2835-mbox 3f00b880.mailbox: mailbox enabled
[0.013560] uart-pl011 3f201000.serial: could not find pctldev for node /soc/gpio@7e200000/uart0_pins, deferring probe
[0.025976] bcm2835-dma 3f007000.dma: DMA legacy API manager at 88813000, dmachans=0x1
[0.026624] SCSI subsystem initialized
[0.026698] usbcore: registered new interface driver usbfs
[0.026728] usbcore: registered new interface driver hub
[0.026772] usbcore: registered new device driver usb
[0.030029] raspberrypi-firmware soc:firmware: Attached to firmware from 2018-07-17 13:23
[0.030386] clocksource: Switched to clocksource arch_sys_counter
[0.059454] VFS: Disk quotas dquot_6.6.0
[0.059516] VFS: Dquot-cache hash table entries: 1024 (order 0, 4096 bytes)
[0.059630] FS-Cache: Loaded
[0.059755] CacheFiles: Loaded
[0.064229] hw perfevents: enabled with armv7_cortex_a7 PMU driver, 7 counters available
[0.065572] workingset: timestamp_bits=14 max_order=15 bucket_order=1
[0.069284] Block layer SCSI generic (bsg) driver version 0.4 loaded (major 251)
[0.069370] io scheduler noop registered
[0.069380] io scheduler deadline registered
[0.069514] io scheduler cfq registered (default)
[0.069524] io scheduler mq-deadline registered
[0.069533] io scheduler kyber registered
[0.070939] BCM2708FB: allocated DMA memory c7910000
[0.070965] BCM2708FB: allocated DMA channel 0 @ 88813000
[0.074000] Console: switching to colour frame buffer device 60x34
[0.075587] Serial: 8250/16550 driver, 1 ports, IRQ sharing enabled
[0.076133] vc-mem: phys_addr:0x00000000 mem_base=0x0ec00000 mem_size:0x10000000(256 MiB)
[0.077965] vc-sm: Videocore shared memory driver
[0.078904] gpiomem-bcm2835 3f200000.gpiomem: Initialised: Registers at 0x3f200000
[0.084744] brd: module loaded
[0.089955] loop: module loaded
[0.090856] dwc_otg: version 3.00a 10-AUG-2012 (platform bus)
[0.120252] dwc_otg 3f980000.usb: base=0xf0980000
[0.321223] Core Release: 2.80a
[0.322053] Setting default values for core params
[0.322890] Finished setting default values for core params
[0.524619] Using Buffer DMA mode
[0.525431] Periodic Transfer Interrupt Enhancement - disabled
[0.527053] Multiprocessor Interrupt Enhancement - disabled
[0.528700] OTG VER PARAM: 0, OTG VER FLAG: 0
[0.529533] Dedicated Tx FIFOs mode
[0.530540] WARN::dwc_otg_hcd_init:1046: FIQ DMA bounce buffers: virt = 0x87904000 dma = 0xc7904000 len=9024
[0.532205] FIQ FSM acceleration enabled for :
[0.532205] Non-periodic Split Transactions
[0.532205] Periodic Split Transactions
[0.532205] High-Speed Isochronous Endpoints
[0.532205] Interrupt/Control Split Transaction hack enabled
[0.537243] dwc_otg: Microframe scheduler enabled
[0.537271] WARN::hcd_init_fiq:459: FIQ on core 1 at 0x8055da9c
[0.538995] WARN::hcd_init_fiq:460: FIQ ASM at 0x8055de00 length 36
[0.540716] WARN::hcd_init_fiq:486: MPHI regs_base at 0xf0006000
[0.542454] dwc_otg 3f980000.usb: DWC OTG Controller
[0.543344] dwc_otg 3f980000.usb: new USB bus registered, assigned bus number 1
[0.545065] dwc_otg 3f980000.usb: irq 62, io mem 0x00000000
[0.546835] Init: Port Power? op_state=1
[0.547716] Init: Power Port (0)
[0.548677] usb usb1: New USB device found, idVendor=1d6b, idProduct=0002
[0.550416] usb usb1: New USB device strings: Mfr=3, Product=2, SerialNumber=1
[0.552175] usb usb1: Product: DWC OTG Controller
[0.553064] usb usb1: Manufacturer: Linux 4.14.56-v7 dwc_otg_hcd
[0.554824] usb usb1: SerialNumber: 3f980000.usb
[0.556006] hub 1-0:1.0: USB hub found
[0.556906] hub 1-0:1.0: 1 port detected
[0.558001] dwc_otg: FIQ enabled
[0.558003] dwc_otg: NAK holdoff enabled
[0.558005] dwc_otg: FIQ split-transaction FSM enabled
[0.558010] Module dwc_common_port init
[0.558132] usbcore: registered new interface driver usb-storage
[0.560186] bcm2835-wdt 3f100000.watchdog: Broadcom BCM2835 watchdog timer
[0.562079] bcm2835-cpufreq: min=600000 max=1350000
[0.564171] sdhci: Secure Digital Host Controller Interface driver
[0.565939] sdhci: Copyright(c) Pierre Ossman
[0.567023] mmc-bcm2835 3f300000.mmc: could not get clk, deferring probe
[0.568972] sdhost-bcm2835 3f202000.mmc: could not get clk, deferring probe
[0.570823] sdhci-pltfm: SDHCI platform and OF driver helper
[0.573690] ledtrig-cpu: registered to indicate activity on CPUs
[0.575573] hidraw: raw HID events driver (C) Jiri Kosina
[0.576573] usbcore: registered new interface driver usbhid
[0.578385] usbhid: USB HID core driver
[0.579640] vchiq: vchiq_init_state: slot_zero = 87980000, is_master = 0
[0.582550] [vc_sm_connected_init]: start
[0.590389] [vc_sm_connected_init]: end - returning 0
[0.591613] Registering SWP/SWPB emulation handler
[0.595636] uart-pl011 3f201000.serial: cts_event_workaround enabled
[0.597473] 3f201000.serial: ttyAMA0 at MMIO 0x3f201000 (irq = 87, base_baud = 0) is a PL011 rev2
[0.600071] 3f215040.serial: ttyS0 at MMIO 0x0 (irq = 166, base_baud = 31250000) is a 16550
[0.602330] mmc-bcm2835 3f300000.mmc: mmc_debug:0 mmc_debug2:0
[0.604183] mmc-bcm2835 3f300000.mmc: DMA channel allocated
[0.660756] sdhost: log_buf @ 87907000 (c7907000)
[0.697968] mmc1: queuing unknown CIS tuple 0x80 (2 bytes)
[0.701321] mmc1: queuing unknown CIS tuple 0x80 (3 bytes)
[0.704673] mmc1: queuing unknown CIS tuple 0x80 (3 bytes)
[0.709226] mmc1: queuing unknown CIS tuple 0x80 (7 bytes)
[0.740392] mmc0: sdhost-bcm2835 loaded - DMA enabled (>1)
[0.742748] of_cfs_init
[0.743721] of_cfs_init: OK
[0.744926] Waiting for root device /dev/mmcblk0p2...
[0.770504] Indeed it is in host mode hprt0 = 00021501
[0.836553] random: fast init done
[0.877657] mmc0: host does not support reading read-only switch, assuming write-enable
[0.882476] mmc0: new high speed SDHC card at address 59b4
[0.884617] mmcblk0: mmc0:59b4 00000 14.9 GiB
[0.886570]  mmcblk0: p1 p2
[0.891990] EXT4-fs (mmcblk0p2): INFO: recovery required on readonly filesystem
[0.893841] EXT4-fs (mmcblk0p2): write access will be enabled during recovery
[0.895468] mmc1: new high speed SDIO card at address 0001
[0.980398] usb 1-1: new high-speed USB device number 2 using dwc_otg
[0.982302] Indeed it is in host mode hprt0 = 00001101
[1.072658] EXT4-fs (mmcblk0p2): recovery complete
[1.083451] EXT4-fs (mmcblk0p2): mounted filesystem with ordered data mode. Opts: (null)
[1.085296] VFS: Mounted root (ext4 filesystem) readonly on device 179:2.
[1.088734] devtmpfs: mounted
[1.091137] Freeing unused kernel memory: 1024K
[1.210995] EXT4-fs (mmcblk0p2): re-mounted. Opts: data=ordered
