[    0.000000] Booting Linux on physical CPU 0x0
[    0.000000] Linux version 4.14.29-v7 (ft@ferra) (gcc version 7.3.0 (Buildroot 2018.08-git-00817-g2a33ae5-dirty)) #1 SMP Sat Jul 28 15:53:35 +03 2018
[    0.000000] CPU: ARMv7 Processor [410fd034] revision 4 (ARMv7), cr=10c5383d
[    0.000000] CPU: div instructions available: patching division code
[    0.000000] CPU: PIPT / VIPT nonaliasing data cache, VIPT aliasing instruction cache
[    0.000000] OF: fdt: Machine model: Raspberry Pi 3 Model B
[    0.000000] Memory policy: Data cache writealloc
[    0.000000] cma: Reserved 8 MiB at 0x07800000
[    0.000000] On node 0 totalpages: 32768
[    0.000000] free_area_init_node: node 0, pgdat 807d4f40, node_mem_map 876d6000
[    0.000000]   Normal zone: 288 pages used for memmap
[    0.000000]   Normal zone: 0 pages reserved
[    0.000000]   Normal zone: 32768 pages, LIFO batch:7
[    0.000000] random: fast init done
[    0.000000] percpu: Embedded 17 pages/cpu @87680000 s37004 r8192 d24436 u69632
[    0.000000] pcpu-alloc: s37004 r8192 d24436 u69632 alloc=17*4096
[    0.000000] pcpu-alloc: [0] 0 [0] 1 [0] 2 [0] 3 
[    0.000000] Built 1 zonelists, mobility grouping on.  Total pages: 32480
[    0.000000] Kernel command line: bcm2708_fb.fbwidth=480 bcm2708_fb.fbheight=272 bcm2708_fb.fbswap=1 dma.dmachans=0x7f35 bcm2709.boardrev=0x2a02082 bcm2709.serial=0x5730bef1 bcm2709.uart_clock=48000000 smsc95xx.macaddr=B8:27:EB:30:BE:F1 vc_mem.mem_base=0xec00000 vc_mem.mem_size=0x10000000  root=/dev/mmcblk0p2 rootfstype=ext4 rootwait logo.nologo 8250.nr_uarts=1
[    0.000000] PID hash table entries: 512 (order: -1, 2048 bytes)
[    0.000000] Dentry cache hash table entries: 16384 (order: 4, 65536 bytes)
[    0.000000] Inode-cache hash table entries: 8192 (order: 3, 32768 bytes)
[    0.000000] Memory: 112480K/131072K available (5113K kernel code, 372K rwdata, 1612K rodata, 476K init, 671K bss, 10400K reserved, 8192K cma-reserved)
[    0.000000] Virtual kernel memory layout:
[    0.000000]     vector  : 0xffff0000 - 0xffff1000   (   4 kB)
[    0.000000]     fixmap  : 0xffc00000 - 0xfff00000   (3072 kB)
[    0.000000]     vmalloc : 0x88800000 - 0xff800000   (1904 MB)
[    0.000000]     lowmem  : 0x80000000 - 0x88000000   ( 128 MB)
[    0.000000]     modules : 0x7f000000 - 0x80000000   (  16 MB)
[    0.000000]       .text : 0x80008000 - 0x80506804   (5115 kB)
[    0.000000]       .init : 0x80709000 - 0x80780000   ( 476 kB)
[    0.000000]       .data : 0x80780000 - 0x807dd21c   ( 373 kB)
[    0.000000]        .bss : 0x807e40d0 - 0x8088bf8c   ( 672 kB)
[    0.000000] SLUB: HWalign=64, Order=0-3, MinObjects=0, CPUs=4, Nodes=1 [    0.000000] ftrace: allocating 18616 entries in 55 pages
[    0.000000] Hierarchical RCU implementation.
[    0.000000] NR_IRQS: 16, nr_irqs: 16, preallocated irqs: 16
[    0.000000] arch_timer: cp15 timer(s) running at 19.20MHz (phys).
[    0.000000] clocksource: arch_sys_counter: mask: 0xffffffffffffff max_cycles: 0x46d987e47, max_idle_ns: 440795202767 ns
[    0.000003] sched_clock: 56 bits at 19MHz, resolution 52ns, wraps every 4398046511078ns
[    0.000010] Switching to timer-based delay loop, resolution 52ns
[    0.000148] Console: colour dummy device 80x30
[    0.000405] console [tty0] enabled
[    0.000424] Calibrating delay loop (skipped), value calculated using timer frequency.. 38.40 BogoMIPS (lpj=192000)
[    0.000443] pid_max: default: 32768 minimum: 301
[    0.000587] Mount-cache hash table entries: 1024 (order: 0, 4096 bytes)
[    0.000601] Mountpoint-cache hash table entries: 1024 (order: 0, 4096 bytes) [    0.001046] Disabling memory control group subsystem
[    0.001078] CPU: Testing write buffer coherency: ok
[    0.001315] CPU0: thread -1, cpu 0, socket 0, mpidr 80000000
[    0.001520] Setting up static identity map for 0x8280 - 0x82bc
[    0.001586] Hierarchical SRCU implementation.
[    0.001895] smp: Bringing up secondary CPUs ...
[    0.002283] CPU1: thread -1, cpu 1, socket 0, mpidr 80000001
[    0.002674] CPU2: thread -1, cpu 2, socket 0, mpidr 80000002
[    0.003048] CPU3: thread -1, cpu 3, socket 0, mpidr 80000003
[    0.003095] smp: Brought up 1 node, 4 CPUs
[    0.003128] SMP: Total of 4 processors activated (153.60 BogoMIPS).
[    0.003138] CPU: All CPU(s) started in HYP mode.
[    0.003146] CPU: Virtualization extensions available.
[    0.003509] devtmpfs: initialized
[    0.007902] VFP support v0.3: implementor 41 architecture 3 part 40 variant 3 rev 4
[    0.008045] clocksource: jiffies: mask: 0xffffffff max_cycles: 0xffffffff, max_idle_ns: 19112604462750000 ns
[    0.008067] futex hash table entries: 1024 (order: 4, 65536 bytes)
[    0.008372] pinctrl core: initialized pinctrl subsystem
[    0.010159] DMA: preallocated 1024 KiB pool for atomic coherent allocations
[    0.012210] hw-breakpoint: found 5 (+1 reserved) breakpoint and 4 watchpoint registers.
[    0.012224] hw-breakpoint: maximum watchpoint size is 8 bytes.
[    0.012341] Serial: AMBA PL011 UART driver
[    0.013083] bcm2835-mbox 3f00b880.mailbox: mailbox enabled
[    0.013292] uart-pl011 3f201000.serial: could not find pctldev for node /soc/gpio@7e200000/uart0_pins, deferring probe
[    0.025734] bcm2835-dma 3f007000.dma: DMA legacy API manager at 88813000, dmachans=0x1
[    0.026380] SCSI subsystem initialized
[    0.026453] usbcore: registered new interface driver usbfs
[    0.026484] usbcore: registered new interface driver hub
[    0.026528] usbcore: registered new device driver usb
[    0.030027] raspberrypi-firmware soc:firmware: Attached to firmware from 2018-04-26 23:13
[    0.030377] clocksource: Switched to clocksource arch_sys_counter
[    0.061005] VFS: Disk quotas dquot_6.6.0
[    0.061067] VFS: Dquot-cache hash table entries: 1024 (order 0, 4096 bytes)
[    0.061179] FS-Cache: Loaded
[    0.061296] CacheFiles: Loaded
[    0.065468] hw perfevents: enabled with armv7_cortex_a7 PMU driver, 7 counters available
[    0.066790] workingset: timestamp_bits=14 max_order=15 bucket_order=1
[    0.070512] Block layer SCSI generic (bsg) driver version 0.4 loaded (major 251)
[    0.070593] io scheduler noop registered
[    0.070602] io scheduler deadline registered
[    0.070734] io scheduler cfq registered (default)
[    0.070744] io scheduler mq-deadline registered
[    0.070753] io scheduler kyber registered
[    0.072123] BCM2708FB: allocated DMA memory c7910000
[    0.072146] BCM2708FB: allocated DMA channel 0 @ 88813000
[    0.074990] Console: switching to colour frame buffer device 60x34
[    0.076407] Serial: 8250/16550 driver, 1 ports, IRQ sharing enabled
[    0.076951] vc-mem: phys_addr:0x00000000 mem_base=0x0ec00000 mem_size:0x10000000(256 MiB)
[    0.078550] vc-sm: Videocore shared memory driver
[    0.079375] gpiomem-bcm2835 3f200000.gpiomem: Initialised: Registers at 0x3f200000
[    0.085083] brd: module loaded
[    0.090177] loop: module loaded
[    0.090971] dwc_otg: version 3.00a 10-AUG-2012 (platform bus)
[    0.320268] Core Release: 2.80a
[    0.320984] Setting default values for core params
[    0.321703] Finished setting default values for core params
[    0.523200] Using Buffer DMA mode
[    0.523888] Periodic Transfer Interrupt Enhancement - disabled
[    0.525259] Multiprocessor Interrupt Enhancement - disabled
[    0.526665] OTG VER PARAM: 0, OTG VER FLAG: 0
[    0.527395] Dedicated Tx FIFOs mode
[    0.528250] WARN::dwc_otg_hcd_init:1046: FIQ DMA bounce buffers: virt = 0x87904000 dma = 0xc7904000 len=9024
[    0.529672] FIQ FSM acceleration enabled for :
[    0.529672] Non-periodic Split Transactions
[    0.529672] Periodic Split Transactions
[    0.529672] High-Speed Isochronous Endpoints
[    0.529672] Interrupt/Control Split Transaction hack enabled
[    0.533909] dwc_otg: Microframe scheduler enabled
[    0.533938] WARN::hcd_init_fiq:459: FIQ on core 1 at 0x80463420
[    0.535407] WARN::hcd_init_fiq:460: FIQ ASM at 0x8046377c length 36
[    0.536879] WARN::hcd_init_fiq:486: MPHI regs_base at 0x8887c000
[    0.538367] dwc_otg 3f980000.usb: DWC OTG Controller
[    0.539128] dwc_otg 3f980000.usb: new USB bus registered, assigned bus number 1
[    0.540615] dwc_otg 3f980000.usb: irq 62, io mem 0x00000000
[    0.542112] Init: Port Power? op_state=1
[    0.542864] Init: Power Port (0)
[    0.543704] usb usb1: New USB device found, idVendor=1d6b, idProduct=0002
[    0.545182] usb usb1: New USB device strings: Mfr=3, Product=2, SerialNumber=1
[    0.546688] usb usb1: Product: DWC OTG Controller
[    0.547449] usb usb1: Manufacturer: Linux 4.14.29-v7 dwc_otg_hcd
[    0.548957] usb usb1: SerialNumber: 3f980000.usb
[    0.550008] hub 1-0:1.0: USB hub found
[    0.550785] hub 1-0:1.0: 1 port detected
[    0.551760] dwc_otg: FIQ enabled
[    0.551762] dwc_otg: NAK holdoff enabled
[    0.551764] dwc_otg: FIQ split-transaction FSM enabled
[    0.551769] Module dwc_common_port init
[    0.551918] usbcore: registered new interface driver usb-storage
[    0.553430] IR NEC protocol handler initialized
[    0.554181] IR RC5(x/sz) protocol handler initialized
[    0.554926] IR RC6 protocol handler initialized
[    0.555665] IR JVC protocol handler initialized
[    0.556394] IR Sony protocol handler initialized
[    0.557127] IR SANYO protocol handler initialized
[    0.557862] IR Sharp protocol handler initialized
[    0.558583] IR MCE Keyboard/mouse protocol handler initialized
[    0.559991] IR XMP protocol handler initialized
[    0.561073] bcm2835-wdt 3f100000.watchdog: Broadcom BCM2835 watchdog timer
[    0.562613] bcm2835-cpufreq: min=600000 max=1350000
[    0.564511] sdhci: Secure Digital Host Controller Interface driver
[    0.565898] sdhci: Copyright(c) Pierre Ossman
[    0.566783] mmc-bcm2835 3f300000.mmc: could not get clk, deferring probe
[    0.568323] sdhost-bcm2835 3f202000.mmc: could not get clk, deferring probe
[    0.569766] sdhci-pltfm: SDHCI platform and OF driver helper
[    0.572285] ledtrig-cpu: registered to indicate activity on CPUs
[    0.573816] hidraw: raw HID events driver (C) Jiri Kosina
[    0.574635] usbcore: registered new interface driver usbhid
[    0.576080] usbhid: USB HID core driver
[    0.577160] vchiq: vchiq_init_state: slot_zero = 87980000, is_master = 0
[    0.579675] [vc_sm_connected_init]: start
[    0.587355] [vc_sm_connected_init]: end - returning 0
[    0.588399] Registering SWP/SWPB emulation handler
[    0.592252] uart-pl011 3f201000.serial: cts_event_workaround enabled
[    0.593757] 3f201000.serial: ttyAMA0 at MMIO 0x3f201000 (irq = 87, base_baud = 0) is a PL011 rev2
[    0.596067] 3f215040.serial: ttyS0 at MMIO 0x0 (irq = 166, base_baud = 31250000) is a 16550
[    0.598031] mmc-bcm2835 3f300000.mmc: mmc_debug:0 mmc_debug2:0
[    0.599623] mmc-bcm2835 3f300000.mmc: DMA channel allocated
[    0.660746] sdhost: log_buf @ 87907000 (c7907000)
[    0.697776] mmc1: queuing unknown CIS tuple 0x80 (2 bytes)
[    0.700867] mmc1: queuing unknown CIS tuple 0x80 (3 bytes)
[    0.703956] mmc1: queuing unknown CIS tuple 0x80 (3 bytes)
[    0.708244] mmc1: queuing unknown CIS tuple 0x80 (7 bytes)
[    0.740383] mmc0: sdhost-bcm2835 loaded - DMA enabled (>1)
[    0.742477] of_cfs_init
[    0.743320] of_cfs_init: OK
[    0.744391] Waiting for root device /dev/mmcblk0p2...
[    0.770447] Indeed it is in host mode hprt0 = 00021501
[    0.877621] mmc0: host does not support reading read-only switch, assuming write-enable
[    0.882176] mmc0: new high speed SDHC card at address 59b4
[    0.884063] mmcblk0: mmc0:59b4 00000 14.9 GiB
[    0.885880]  mmcblk0: p1 p2
[    0.892485] mmc1: new high speed SDIO card at address 0001
[    0.906253] EXT4-fs (mmcblk0p2): mounted filesystem with ordered data mode. Opts: (null)
[    0.907897] VFS: Mounted root (ext4 filesystem) readonly on device 179:2.
[    0.910363] devtmpfs: mounted
[    0.912111] Freeing unused kernel memory: 476K
[    0.912895] This architecture does not have kernel memory protection.
[    0.990398] usb 1-1: new high-speed USB device number 2 using dwc_otg
[    0.992043] Indeed it is in host mode hprt0 = 00001101
[    1.053968] EXT4-fs (mmcblk0p2): re-mounted. Opts: data=ordered
